 running on   96 total cores
 distrk:  each k-point on   96 cores,    1 groups
 distr:  one band on   12 cores,    8 groups
 using from now: INCAR     
 vasp.5.4.1 24Jun15 (build Nov 23 2015 09:58:10) complex                        
  
 POSCAR found type information on POSCAR  Si
 POSCAR found :  1 types and       8 ions
 scaLAPACK will be used
 LDA part: xc-table for Pade appr. of Perdew
 POSCAR, INCAR and KPOINTS ok, starting setup
 FFT: planning ...
 WAVECAR not read
 entering main loop
       N       E                     dE             d eps       ncg     rms          rms(c)
DAV:   1     0.609838320901E+02    0.60984E+02   -0.13554E+04  1792   0.887E+02
DAV:   2    -0.321658609841E+02   -0.93150E+02   -0.86991E+02  2216   0.147E+02
DAV:   3    -0.357520770324E+02   -0.35862E+01   -0.35004E+01  2320   0.230E+01
DAV:   4    -0.357726510828E+02   -0.20574E-01   -0.20548E-01  2240   0.218E+00
DAV:   5    -0.357727494754E+02   -0.98393E-04   -0.98386E-04  2264   0.140E-01    0.139E+01
DAV:   6    -0.363109802745E+02   -0.53823E+00   -0.99579E-03  2256   0.519E-01    0.121E+01
DAV:   7    -0.374175552961E+02   -0.11066E+01   -0.19313E-01  2144   0.224E+00    0.431E+00
DAV:   8    -0.373485718671E+02    0.68983E-01   -0.44652E-02  2176   0.871E-01    0.160E+00
DAV:   9    -0.373637013661E+02   -0.15129E-01   -0.10114E-02  2184   0.485E-01    0.111E+00
DAV:  10    -0.373903575914E+02   -0.26656E-01   -0.84285E-03  2280   0.420E-01    0.391E-01
DAV:  11    -0.373919800088E+02   -0.16224E-02   -0.83887E-04  2160   0.123E-01    0.265E-01
DAV:  12    -0.373945662776E+02   -0.25863E-02   -0.17556E-03  2168   0.172E-01    0.136E-01
DAV:  13    -0.373951358315E+02   -0.56955E-03   -0.48338E-04  2208   0.838E-02    0.804E-02
DAV:  14    -0.373952617755E+02   -0.12594E-03   -0.19178E-04  1560   0.575E-02    0.400E-02
DAV:  15    -0.373952859673E+02   -0.24192E-04   -0.12213E-04  1256   0.450E-02
   1 F= -.37395286E+02 E0= -.37390930E+02  d E =-.871247E-02  mag=     0.0028
