 running on   96 total cores
 distrk:  each k-point on   96 cores,    1 groups
 distr:  one band on   12 cores,    8 groups
 using from now: INCAR     
 vasp.5.4.1 24Jun15 (build Nov 23 2015 09:58:10) complex                        
  
 POSCAR found type information on POSCAR  Si
 POSCAR found :  1 types and       8 ions
 scaLAPACK will be used
 LDA part: xc-table for Pade appr. of Perdew
 WARNING: stress and forces are not correct
 POSCAR, INCAR and KPOINTS ok, starting setup
 WARNING: small aliasing (wrap around) errors must be expected
 FFT: planning ...
 WAVECAR not read
 charge-density read from file: unknown                                 
 magnetization density read from file 1
 WARNING: random wavefunctions but no delay for mixing, default for NELMDL
 entering main loop
       N       E                     dE             d eps       ncg     rms          rms(c)
DAV:   1     0.586412059216E+02    0.58641E+02   -0.12715E+04 33024   0.866E+02
DAV:   2    -0.339494897065E+02   -0.92591E+02   -0.86047E+02 41136   0.146E+02
DAV:   3    -0.375293214526E+02   -0.35798E+01   -0.34975E+01 43192   0.231E+01
DAV:   4    -0.375504530261E+02   -0.21132E-01   -0.21099E-01 39808   0.223E+00
DAV:   5    -0.375505563675E+02   -0.10334E-03   -0.10333E-03 42216   0.145E-01
DAV:   6    -0.375505570824E+02   -0.71494E-06   -0.71643E-06 33104   0.127E-02
   1 F= -.37550557E+02 E0= -.37548773E+02  d E =-.356805E-02  mag=     0.0046
