 running on   72 total cores
 distrk:  each k-point on   72 cores,    1 groups
 distr:  one band on   12 cores,    6 groups
 using from now: INCAR     
 vasp.5.4.1 24Jun15 (build Nov 23 2015 09:58:10) complex                        
  
 POSCAR found type information on POSCAR  Ta Ga Se
 POSCAR found :  3 types and      13 ions
 scaLAPACK will be used
 LDA part: xc-table for Pade appr. of Perdew
 POSCAR, INCAR and KPOINTS ok, starting setup
 FFT: planning ...
 WAVECAR not read
 entering main loop
       N       E                     dE             d eps       ncg     rms          rms(c)
DAV:   1     0.984468466645E+03    0.98447E+03   -0.50095E+04 11136   0.156E+03
DAV:   2     0.266093144775E+02   -0.95786E+03   -0.91186E+03 11052   0.443E+02
DAV:   3    -0.762279246790E+02   -0.10284E+03   -0.99770E+02 12012   0.120E+02
DAV:   4    -0.803867938389E+02   -0.41589E+01   -0.41181E+01 12540   0.249E+01
DAV:   5    -0.804684234718E+02   -0.81630E-01   -0.81394E-01 12564   0.343E+00    0.368E+01
DAV:   6    -0.797891552999E+02    0.67927E+00   -0.79016E-01 13020   0.441E+00    0.312E+01
DAV:   7    -0.786502253896E+02    0.11389E+01   -0.13051E+01 12156   0.171E+01    0.100E+01
DAV:   8    -0.789203844061E+02   -0.27016E+00   -0.24541E+00 12252   0.647E+00    0.538E+00
DAV:   9    -0.789035283221E+02    0.16856E-01   -0.40845E-01 12552   0.254E+00    0.364E+00
DAV:  10    -0.788855592962E+02    0.17969E-01   -0.18932E-01 12732   0.203E+00    0.167E+00
DAV:  11    -0.788644902098E+02    0.21069E-01   -0.11269E-01 12048   0.137E+00    0.992E-01
DAV:  12    -0.788659910787E+02   -0.15009E-02   -0.47955E-02 12816   0.852E-01    0.395E-01
DAV:  13    -0.788670971124E+02   -0.11060E-02   -0.44639E-03 12012   0.238E-01    0.289E-01
DAV:  14    -0.788682361328E+02   -0.11390E-02   -0.19310E-03 12636   0.188E-01    0.154E-01
DAV:  15    -0.788684993939E+02   -0.26326E-03   -0.53639E-04 11052   0.808E-02    0.111E-01
DAV:  16    -0.788685202991E+02   -0.20905E-04   -0.31711E-04 11052   0.678E-02
   1 F= -.78868520E+02 E0= -.78864343E+02  d E =-.788685E+02  mag=     0.0046
 curvature:   0.00 expect dE= 0.000E+00 dE for cont linesearch  0.000E+00
 trial: gam= 0.00000 g(F)=  0.207E-01 g(S)=  0.926E+00 ort = 0.000E+00 (trialstep = 0.100E+01)
 search vector abs. value=  0.946E+00
 bond charge predicted
       N       E                     dE             d eps       ncg     rms          rms(c)
DAV:   1    -0.801542508628E+02   -0.12858E+01   -0.13304E+01 13332   0.222E+01    0.545E+00
DAV:   2    -0.800311873897E+02    0.12306E+00   -0.35023E-01 11628   0.293E+00    0.476E+00
DAV:   3    -0.797209856290E+02    0.31020E+00   -0.58652E-01 13728   0.484E+00    0.155E+00
DAV:   4    -0.796808722192E+02    0.40113E-01   -0.80913E-02 12204   0.129E+00    0.757E-01
DAV:   5    -0.796699176157E+02    0.10955E-01   -0.27869E-02 13284   0.683E-01    0.511E-01
DAV:   6    -0.796673405642E+02    0.25771E-02   -0.40776E-03 12672   0.378E-01    0.403E-01
DAV:   7    -0.796658137124E+02    0.15269E-02   -0.68125E-03 14304   0.553E-01    0.207E-01
DAV:   8    -0.796657122243E+02    0.10149E-03   -0.77352E-04 10800   0.118E-01    0.114E-01
DAV:   9    -0.796654937710E+02    0.21845E-03   -0.84621E-04 13392   0.250E-01    0.378E-02
DAV:  10    -0.796654617044E+02    0.32067E-04   -0.13443E-04  8184   0.536E-02
   2 F= -.79665462E+02 E0= -.79660948E+02  d E =-.796941E+00  mag=    -0.0012
 trial-energy change:   -0.796941  1 .order   -0.806387   -0.946237   -0.666537
 step:   3.3830(harm=  3.3830)  dis= 0.00885  next Energy=   -80.469097 (dE=-0.160E+01)
 bond charge predicted
       N       E                     dE             d eps       ncg     rms          rms(c)
DAV:   1    -0.832462443394E+02   -0.35808E+01   -0.75155E+01 13248   0.526E+01    0.120E+01
DAV:   2    -0.825406342086E+02    0.70561E+00   -0.18385E+00 11448   0.663E+00    0.104E+01
DAV:   3    -0.808826581189E+02    0.16580E+01   -0.27807E+00 13284   0.920E+00    0.397E+00
DAV:   4    -0.805891646282E+02    0.29349E+00   -0.56443E-01 12972   0.362E+00    0.166E+00
DAV:   5    -0.805382561632E+02    0.50908E-01   -0.14981E-01 13128   0.150E+00    0.115E+00
DAV:   6    -0.805244088805E+02    0.13847E-01   -0.21017E-02 13032   0.857E-01    0.866E-01
DAV:   7    -0.805174087446E+02    0.70001E-02   -0.29843E-02 14208   0.100E+00    0.468E-01
DAV:   8    -0.805168133930E+02    0.59535E-03   -0.48228E-03 12432   0.283E-01    0.232E-01
DAV:   9    -0.805156590609E+02    0.11543E-02   -0.51143E-03 14304   0.581E-01    0.102E-01
DAV:  10    -0.805156097856E+02    0.49275E-04   -0.50066E-04 10836   0.782E-02
   3 F= -.80515610E+02 E0= -.80510216E+02  d E =-.164709E+01  mag=    -0.0011
 curvature:  -1.69 expect dE=-0.785E-01 dE for cont linesearch -0.158E-01
 ZBRENT: extrapolating
 opt :   3.7740  next Energy=   -80.533977 (dE=-0.167E+01)
 bond charge predicted
       N       E                     dE             d eps       ncg     rms          rms(c)
DAV:   1    -0.806060879679E+02   -0.90429E-01   -0.19751E+00 12864   0.795E+00    0.195E+00
DAV:   2    -0.805869139431E+02    0.19174E-01   -0.49147E-02 12000   0.108E+00    0.168E+00
DAV:   3    -0.805399492260E+02    0.46965E-01   -0.89962E-02 13656   0.180E+00    0.550E-01
DAV:   4    -0.805339094575E+02    0.60398E-02   -0.12257E-02 12576   0.488E-01    0.269E-01
DAV:   5    -0.805325207599E+02    0.13887E-02   -0.38136E-03 12984   0.229E-01    0.203E-01
DAV:   6    -0.805321553306E+02    0.36543E-03   -0.53031E-04 11832   0.137E-01    0.156E-01
DAV:   7    -0.805319348776E+02    0.22045E-03   -0.99061E-04 12372   0.192E-01    0.747E-02
DAV:   8    -0.805319125963E+02    0.22281E-04   -0.12101E-04  7224   0.519E-02
   4 F= -.80531913E+02 E0= -.80526370E+02  d E =-.166339E+01  mag=    -0.0011
 curvature:  -1.97 expect dE=-0.880E-01 dE for cont linesearch -0.974E-03
 ZBRENT: extrapolating
 opt :   3.8949  next Energy=   -80.533177 (dE=-0.166E+01)
 bond charge predicted
       N       E                     dE             d eps       ncg     rms          rms(c)
DAV:   1    -0.805376271413E+02   -0.56923E-02   -0.18221E-01 12768   0.233E+00    0.594E-01
DAV:   2    -0.805358050356E+02    0.18221E-02   -0.44738E-03 12180   0.321E-01    0.511E-01
DAV:   3    -0.805313641218E+02    0.44409E-02   -0.85048E-03 13800   0.553E-01    0.166E-01
DAV:   4    -0.805307958230E+02    0.56830E-03   -0.11555E-03 12552   0.150E-01    0.824E-02
DAV:   5    -0.805306678014E+02    0.12802E-03   -0.34367E-04 10872   0.685E-02    0.646E-02
DAV:   6    -0.805306294361E+02    0.38365E-04   -0.45227E-05  6960   0.442E-02
   5 F= -.80530629E+02 E0= -.80525044E+02  d E =-.166211E+01  mag=    -0.0012
 curvature:  -2.56 expect dE=-0.117E+00 dE for cont linesearch -0.260E-02
 ZBRENT: bracketing found
 ZBRENT: interpolating
 opt :   3.8237  next Energy=   -80.532450 (dE=-0.166E+01)
 bond charge predicted
       N       E                     dE             d eps       ncg     rms          rms(c)
DAV:   1    -0.805341257870E+02   -0.34580E-02   -0.64705E-02 12804   0.139E+00    0.362E-01
DAV:   2    -0.805335037164E+02    0.62207E-03   -0.16230E-03 12180   0.190E-01    0.313E-01
DAV:   3    -0.805319593555E+02    0.15444E-02   -0.28927E-03 13836   0.311E-01    0.102E-01
DAV:   4    -0.805317561623E+02    0.20319E-03   -0.40501E-04 10692   0.868E-02    0.480E-02
DAV:   5    -0.805317122149E+02    0.43947E-04   -0.11371E-04  5760   0.429E-02    0.336E-02
DAV:   6    -0.805317032045E+02    0.90104E-05   -0.30048E-05  5676   0.333E-02
   6 F= -.80531703E+02 E0= -.80526143E+02  d E =-.166318E+01  mag=    -0.0012
 curvature:  -0.53 expect dE=-0.233E-01 dE for cont linesearch -0.406E-05
 trial: gam= 0.04955 g(F)=  0.435E-01 g(S)=  0.713E-03 ort =-0.270E-02 (trialstep = 0.156E+01)
 search vector abs. value=  0.462E-01
 bond charge predicted
       N       E                     dE             d eps       ncg     rms          rms(c)
DAV:   1    -0.805975979509E+02   -0.65886E-01   -0.98991E-01 10080   0.442E+00    0.579E-01
DAV:   2    -0.806019027581E+02   -0.43048E-02   -0.79063E-02 10176   0.109E+00    0.446E-01
DAV:   3    -0.805992287574E+02    0.26740E-02   -0.29838E-03 14652   0.283E-01    0.334E-01
DAV:   4    -0.805967274703E+02    0.25013E-02   -0.30606E-03 13824   0.323E-01    0.190E-01
DAV:   5    -0.805957232464E+02    0.10042E-02   -0.24991E-03 13584   0.267E-01    0.120E-01
DAV:   6    -0.805957081332E+02    0.15113E-04   -0.19865E-04  9276   0.598E-02
   7 F= -.80595708E+02 E0= -.80590060E+02  d E =-.640049E-01  mag=    -0.0013
 trial-energy change:   -0.064005  1 .order   -0.063474   -0.068934   -0.058014
 step:   5.6229(harm=  9.8780)  dis= 0.01850  next Energy=   -80.680202 (dE=-0.148E+00)
 bond charge predicted
       N       E                     dE             d eps       ncg     rms          rms(c)
DAV:   1    -0.807350667900E+02   -0.13934E+00   -0.66771E+00 10080   0.116E+01    0.153E+00
DAV:   2    -0.807632439124E+02   -0.28177E-01   -0.53015E-01 10128   0.282E+00    0.113E+00
DAV:   3    -0.807449290808E+02    0.18315E-01   -0.20041E-02 14448   0.732E-01    0.858E-01
DAV:   4    -0.807279383480E+02    0.16991E-01   -0.20485E-02 13788   0.836E-01    0.516E-01
DAV:   5    -0.807209172391E+02    0.70211E-02   -0.17478E-02 13536   0.710E-01    0.342E-01
DAV:   6    -0.807208170807E+02    0.10016E-03   -0.14988E-03 12120   0.161E-01    0.295E-01
DAV:   7    -0.807206084397E+02    0.20864E-03   -0.46231E-04 11064   0.154E-01    0.164E-01
DAV:   8    -0.807205951894E+02    0.13250E-04   -0.36626E-04 10500   0.898E-02
   8 F= -.80720595E+02 E0= -.80714707E+02  d E =-.188892E+00  mag=    -0.0019
 curvature:  -3.83 expect dE=-0.541E-01 dE for cont linesearch -0.504E-01
 ZBRENT: increasing intervall
 opt :  13.7393  next Energy=   -80.820284 (dE=-0.289E+00)
 bond charge predicted
       N       E                     dE             d eps       ncg     rms          rms(c)
DAV:   1    -0.808501843237E+02   -0.12958E+00   -0.26927E+01 10080   0.232E+01    0.313E+00
DAV:   2    -0.809624230251E+02   -0.11224E+00   -0.21273E+00 10104   0.561E+00    0.221E+00
DAV:   3    -0.808928253052E+02    0.69598E-01   -0.75247E-02 14136   0.139E+00    0.170E+00
DAV:   4    -0.808242590267E+02    0.68566E-01   -0.81936E-02 13620   0.162E+00    0.103E+00
DAV:   5    -0.807960859927E+02    0.28173E-01   -0.72193E-02 14208   0.141E+00    0.683E-01
DAV:   6    -0.807957773772E+02    0.30862E-03   -0.57578E-03 12324   0.305E-01    0.596E-01
DAV:   7    -0.807950126319E+02    0.76475E-03   -0.17087E-03 12876   0.286E-01    0.341E-01
DAV:   8    -0.807949090294E+02    0.10360E-03   -0.14652E-03 14112   0.185E-01    0.111E-01
DAV:   9    -0.807947474542E+02    0.16158E-03   -0.43431E-04 12168   0.132E-01    0.429E-02
DAV:  10    -0.807947266411E+02    0.20813E-04   -0.78017E-05  7884   0.511E-02
   9 F= -.80794727E+02 E0= -.80788331E+02  d E =-.263023E+00  mag=    -0.0054
 curvature:  -7.57 expect dE=-0.450E-01 dE for cont linesearch -0.340E-02
 ZBRENT: bracketing found
 ZBRENT: interpolating
 opt :  12.4737  next Energy=   -80.797612 (dE=-0.266E+00)
 bond charge predicted
       N       E                     dE             d eps       ncg     rms          rms(c)
DAV:   1    -0.807997967794E+02   -0.50493E-02   -0.64548E-01 10080   0.352E+00    0.470E-01
DAV:   2    -0.808025880601E+02   -0.27913E-02   -0.52050E-02 10128   0.878E-01    0.350E-01
DAV:   3    -0.808007180311E+02    0.18700E-02   -0.20824E-03 13884   0.237E-01    0.261E-01
DAV:   4    -0.807991888936E+02    0.15291E-02   -0.18450E-03 13584   0.243E-01    0.163E-01
DAV:   5    -0.807984800972E+02    0.70880E-03   -0.16469E-03 14052   0.212E-01    0.107E-01
DAV:   6    -0.807984637903E+02    0.16307E-04   -0.14675E-04  7668   0.492E-02
  10 F= -.80798464E+02 E0= -.80792149E+02  d E =-.266761E+00  mag=    -0.0090
 curvature:  -6.42 expect dE=-0.273E-01 dE for cont linesearch -0.650E-07
 trial: gam= 0.11783 g(F)=  0.385E-02 g(S)=  0.404E-03 ort = 0.216E-04 (trialstep = 0.375E+01)
 search vector abs. value=  0.490E-02
 bond charge predicted
       N       E                     dE             d eps       ncg     rms          rms(c)
DAV:   1    -0.808119646640E+02   -0.13485E-01   -0.66502E-01 10104   0.386E+00    0.568E-01
DAV:   2    -0.808152081999E+02   -0.32435E-02   -0.58806E-02 10104   0.953E-01    0.493E-01
DAV:   3    -0.808130603119E+02    0.21479E-02   -0.22543E-03 15060   0.241E-01    0.352E-01
DAV:   4    -0.808107570296E+02    0.23033E-02   -0.43646E-03 13668   0.359E-01    0.103E-01
DAV:   5    -0.808104588843E+02    0.29815E-03   -0.79701E-04 13284   0.129E-01    0.613E-02
DAV:   6    -0.808104439780E+02    0.14906E-04   -0.87661E-05  6936   0.369E-02
  11 F= -.80810444E+02 E0= -.80804223E+02  d E =-.119802E-01  mag=    -0.0137
 trial-energy change:   -0.011980  1 .order   -0.011956   -0.015933   -0.007980
 step:   7.5062(harm=  7.5062)  dis= 0.00643  next Energy=   -80.814424 (dE=-0.160E-01)
 bond charge predicted
       N       E                     dE             d eps       ncg     rms          rms(c)
DAV:   1    -0.808188131922E+02   -0.83543E-02   -0.67005E-01 10128   0.390E+00    0.551E-01
DAV:   2    -0.808219773486E+02   -0.31642E-02   -0.59263E-02 10080   0.958E-01    0.468E-01
DAV:   3    -0.808196504578E+02    0.23269E-02   -0.24028E-03 15144   0.251E-01    0.331E-01
DAV:   4    -0.808172494719E+02    0.24010E-02   -0.42425E-03 13572   0.357E-01    0.117E-01
DAV:   5    -0.808168927847E+02    0.35669E-03   -0.85461E-04 13572   0.134E-01    0.842E-02
DAV:   6    -0.808168721797E+02    0.20605E-04   -0.98330E-05  7296   0.391E-02
  12 F= -.80816872E+02 E0= -.80810738E+02  d E =-.184084E-01  mag=    -0.0210
 curvature:  -4.32 expect dE=-0.883E-02 dE for cont linesearch -0.373E-03
 ZBRENT: extrapolating
 opt :   9.1580  next Energy=   -80.817409 (dE=-0.189E-01)
 bond charge predicted
       N       E                     dE             d eps       ncg     rms          rms(c)
DAV:   1    -0.808183624164E+02   -0.14696E-02   -0.12931E-01 10152   0.172E+00    0.240E-01
DAV:   2    -0.808189685784E+02   -0.60616E-03   -0.11496E-02 10128   0.423E-01    0.201E-01
DAV:   3    -0.808184937246E+02    0.47485E-03   -0.46508E-04 12756   0.113E-01    0.142E-01
DAV:   4    -0.808180248435E+02    0.46888E-03   -0.88672E-04 13092   0.156E-01    0.582E-02
DAV:   5    -0.808179495757E+02    0.75268E-04   -0.14291E-04  6972   0.572E-02    0.432E-02
DAV:   6    -0.808179447696E+02    0.48061E-05   -0.48593E-05  6036   0.284E-02
  13 F= -.80817945E+02 E0= -.80811850E+02  d E =-.194810E-01  mag=    -0.0314
 curvature:  -6.22 expect dE=-0.118E-01 dE for cont linesearch -0.463E-04
 trial: gam= 0.38421 g(F)=  0.447E-03 g(S)=  0.145E-02 ort = 0.191E-03 (trialstep = 0.483E+01)
 search vector abs. value=  0.277E-02
 bond charge predicted
       N       E                     dE             d eps       ncg     rms          rms(c)
DAV:   1    -0.808281715520E+02   -0.10222E-01   -0.58838E-01 10368   0.372E+00    0.814E-01
DAV:   2    -0.808293077127E+02   -0.11362E-02   -0.42782E-02 11256   0.794E-01    0.652E-01
DAV:   3    -0.808252259872E+02    0.40817E-02   -0.40193E-03 13836   0.372E-01    0.414E-01
DAV:   4    -0.808227418733E+02    0.24841E-02   -0.60374E-03 14088   0.465E-01    0.105E-01
DAV:   5    -0.808225501383E+02    0.19174E-03   -0.62931E-04 10812   0.962E-02    0.711E-02
DAV:   6    -0.808225138138E+02    0.36324E-04   -0.12879E-04  6840   0.549E-02
  14 F= -.80822514E+02 E0= -.80816608E+02  d E =-.456904E-02  mag=    -0.0433
 trial-energy change:   -0.004569  1 .order   -0.003950   -0.009539    0.001639
 step:   4.2819(harm=  4.1209)  dis= 0.00296  next Energy=   -80.822606 (dE=-0.466E-02)
 bond charge predicted
       N       E                     dE             d eps       ncg     rms          rms(c)
DAV:   1    -0.808225057455E+02    0.44393E-04   -0.75544E-03 10452   0.403E-01    0.105E-01
DAV:   2    -0.808225181503E+02   -0.12405E-04   -0.53356E-04 11088   0.870E-02    0.860E-02
DAV:   3    -0.808224605212E+02    0.57629E-04   -0.63605E-05  6192   0.416E-02    0.523E-02
DAV:   4    -0.808224361605E+02    0.24361E-04   -0.10186E-04  6036   0.467E-02    0.110E-02
DAV:   5    -0.808224361082E+02    0.52312E-07   -0.16757E-05  5412   0.195E-02    0.883E-03
DAV:   6    -0.808224374248E+02   -0.13166E-05   -0.53254E-06  5256   0.982E-03
  15 F= -.80822437E+02 E0= -.80816530E+02  d E =-.449266E-02  mag=    -0.0561
 curvature:  -2.74 expect dE=-0.145E-03 dE for cont linesearch -0.762E-04
 ZBRENT: interpolating
 opt :   4.5280  next Energy=   -80.822472 (dE=-0.453E-02)
 bond charge predicted
       N       E                     dE             d eps       ncg     rms          rms(c)
DAV:   1    -0.808224986166E+02   -0.62508E-04   -0.15349E-03 10560   0.189E-01    0.423E-02
DAV:   2    -0.808225006898E+02   -0.20732E-05   -0.10093E-04  6816   0.411E-02    0.340E-02
DAV:   3    -0.808224911287E+02    0.95611E-05   -0.18076E-05  5292   0.250E-02    0.210E-02
DAV:   4    -0.808224893907E+02    0.17379E-05   -0.21065E-05  5148   0.240E-02    0.938E-03
DAV:   5    -0.808224915756E+02   -0.21849E-05   -0.48954E-06  5148   0.121E-02    0.923E-03
DAV:   6    -0.808224935708E+02   -0.19951E-05   -0.19861E-06  5148   0.582E-03
  16 F= -.80822494E+02 E0= -.80816615E+02  d E =-.454880E-02  mag=    -0.0709
 curvature:  -1.23 expect dE=-0.422E-04 dE for cont linesearch -0.530E-05
 ZBRENT: interpolating
 opt :   4.6489  next Energy=   -80.822502 (dE=-0.456E-02)
 bond charge predicted
       N       E                     dE             d eps       ncg     rms          rms(c)
DAV:   1    -0.808225097352E+02   -0.18160E-04   -0.35736E-04  8364   0.944E-02    0.216E-02
DAV:   2    -0.808225123170E+02   -0.25819E-05   -0.33807E-05  5196   0.265E-02    0.179E-02
DAV:   3    -0.808225134822E+02   -0.11651E-05   -0.68236E-06  5148   0.118E-02    0.137E-02
DAV:   4    -0.808225178446E+02   -0.43624E-05   -0.65161E-06  5148   0.132E-02    0.104E-02
DAV:   5    -0.808225211875E+02   -0.33429E-05   -0.28051E-06  5124   0.641E-03    0.106E-02
DAV:   6    -0.808225211476E+02    0.39852E-07   -0.58668E-07  5112   0.320E-03
  17 F= -.80822521E+02 E0= -.80816671E+02  d E =-.457638E-02  mag=    -0.0857
 curvature:  -1.91 expect dE=-0.667E-04 dE for cont linesearch -0.385E-05
 ZBRENT: bisectioning
 opt :   4.7389  next Energy=   -80.822527 (dE=-0.458E-02)
 bond charge predicted
       N       E                     dE             d eps       ncg     rms          rms(c)
DAV:   1    -0.808225287316E+02   -0.75442E-05   -0.19338E-04  6504   0.697E-02    0.186E-02
DAV:   2    -0.808225313588E+02   -0.26271E-05   -0.21789E-05  5160   0.220E-02    0.158E-02
DAV:   3    -0.808225343175E+02   -0.29587E-05   -0.48005E-06  5112   0.931E-03    0.135E-02
DAV:   4    -0.808225415310E+02   -0.72135E-05   -0.64330E-06  5112   0.122E-02    0.117E-02
DAV:   5    -0.808225447461E+02   -0.32151E-05   -0.25498E-06  5112   0.596E-03    0.119E-02
DAV:   6    -0.808225434031E+02    0.13430E-05   -0.53961E-07  5112   0.311E-03
  18 F= -.80822543E+02 E0= -.80816724E+02  d E =-.459863E-02  mag=    -0.1026
 curvature:  -2.76 expect dE=-0.100E-03 dE for cont linesearch -0.197E-05
 ZBRENT: bisectioning
 opt :   4.7839  next Energy=   -80.822545 (dE=-0.460E-02)
 bond charge predicted
       N       E                     dE             d eps       ncg     rms          rms(c)
DAV:   1    -0.808225476201E+02   -0.28740E-05   -0.46366E-05  5112   0.349E-02    0.146E-02
DAV:   2    -0.808225500568E+02   -0.24367E-05   -0.75940E-06  5112   0.121E-02    0.136E-02
DAV:   3    -0.808225548831E+02   -0.48263E-05   -0.27588E-06  5112   0.605E-03    0.132E-02
DAV:   4    -0.808225617333E+02   -0.68502E-05   -0.33050E-06  5112   0.684E-03    0.130E-02
DAV:   5    -0.808225642837E+02   -0.25504E-05   -0.12292E-06  5112   0.396E-03    0.132E-02
DAV:   6    -0.808225579954E+02    0.62883E-05   -0.13607E-06  5112   0.445E-03
  19 F= -.80822558E+02 E0= -.80816763E+02  d E =-.461323E-02  mag=    -0.1068
 curvature:  -2.32 expect dE=-0.833E-04 dE for cont linesearch -0.150E-05
 ZBRENT: bisectioning
 opt :   4.8063  next Energy=   -80.822559 (dE=-0.461E-02)
 bond charge predicted
       N       E                     dE             d eps       ncg     rms          rms(c)
DAV:   1    -0.808225534941E+02    0.10790E-04   -0.13769E-05  5112   0.181E-02    0.143E-02
DAV:   2    -0.808225557312E+02   -0.22370E-05   -0.22198E-06  5112   0.676E-03    0.136E-02
DAV:   3    -0.808225616982E+02   -0.59670E-05   -0.17674E-06  5112   0.519E-03    0.133E-02
DAV:   4    -0.808225697996E+02   -0.81014E-05   -0.36640E-06  5112   0.643E-03    0.134E-02
DAV:   5    -0.808225696461E+02    0.15349E-06   -0.70056E-07  5112   0.296E-03    0.134E-02
DAV:   6    -0.808225655684E+02    0.40777E-05   -0.66008E-07  5112   0.402E-03
  20 F= -.80822566E+02 E0= -.80816784E+02  d E =-.462080E-02  mag=    -0.0981
 curvature:  -1.46 expect dE=-0.579E-04 dE for cont linesearch -0.467E-07
 ZBRENT: interpolating
 opt :   4.8122  next Energy=   -80.822566 (dE=-0.462E-02)
 bond charge predicted
       N       E                     dE             d eps       ncg     rms          rms(c)
DAV:   1    -0.808225431860E+02    0.26460E-04   -0.21597E-05  5112   0.157E-02    0.150E-02
DAV:   2    -0.808225458256E+02   -0.26396E-05   -0.38324E-06  5112   0.625E-03    0.146E-02
DAV:   3    -0.808225574107E+02   -0.11585E-04   -0.53502E-06  5112   0.907E-03    0.144E-02
DAV:   4    -0.808225558384E+02    0.15723E-05   -0.60249E-07  5112   0.308E-03    0.129E-02
DAV:   5    -0.808225461912E+02    0.96472E-05   -0.34299E-06  5112   0.649E-03    0.130E-02
DAV:   6    -0.808225269097E+02    0.19281E-04   -0.21795E-05  5112   0.152E-02
  21 F= -.80822527E+02 E0= -.80816676E+02  d E =-.458214E-02  mag=    -0.0502
 curvature:  -0.94 expect dE=-0.381E-04 dE for cont linesearch -0.360E-07
 ZBRENT: bisectioning
 opt :   4.8205  next Energy=   -80.822527 (dE=-0.458E-02)
 bond charge predicted
       N       E                     dE             d eps       ncg     rms          rms(c)
DAV:   1    -0.808225037763E+02    0.42415E-04   -0.64622E-05  6216   0.265E-02    0.871E-03
DAV:   2    -0.808225057262E+02   -0.19499E-05   -0.11306E-05  5184   0.120E-02    0.937E-03
DAV:   3    -0.808225061800E+02   -0.45385E-06   -0.18517E-06  5088   0.464E-03    0.871E-03
DAV:   4    -0.808225078477E+02   -0.16677E-05   -0.77435E-07  5076   0.393E-03    0.798E-03
DAV:   5    -0.808225130112E+02   -0.51635E-05   -0.22306E-06  5076   0.593E-03    0.777E-03
DAV:   6    -0.808225097082E+02    0.33030E-05   -0.11754E-06  5076   0.399E-03
  22 F= -.80822510E+02 E0= -.80816624E+02  d E =-.456494E-02  mag=    -0.0583
 curvature:  -2.38 expect dE=-0.953E-04 dE for cont linesearch -0.153E-06
 ZBRENT: bisectioning
 opt :   4.8247  next Energy=   -80.822510 (dE=-0.456E-02)
 bond charge predicted
       N       E                     dE             d eps       ncg     rms          rms(c)
DAV:   1    -0.808225102122E+02    0.27990E-05   -0.49403E-07  5076   0.354E-03    0.790E-03
DAV:   2    -0.808225110228E+02   -0.81054E-06   -0.16711E-07  5052   0.171E-03    0.755E-03
DAV:   3    -0.808225125999E+02   -0.15771E-05   -0.39908E-07  5040   0.224E-03    0.761E-03
DAV:   4    -0.808225070241E+02    0.55758E-05   -0.36513E-06  5040   0.654E-03    0.709E-03
DAV:   5    -0.808225051312E+02    0.18929E-05   -0.19598E-06  5040   0.385E-03    0.660E-03
DAV:   6    -0.808225015252E+02    0.36061E-05   -0.25260E-06  5040   0.535E-03
  23 F= -.80822502E+02 E0= -.80816602E+02  d E =-.455676E-02  mag=    -0.0276
 curvature:  -0.92 expect dE=-0.362E-04 dE for cont linesearch -0.883E-07
 ZBRENT: bisectioning
 opt :   4.8267  next Energy=   -80.822502 (dE=-0.456E-02)
 bond charge predicted
       N       E                     dE             d eps       ncg     rms          rms(c)
DAV:   1    -0.808224944182E+02    0.10713E-04   -0.16830E-05  5040   0.134E-02    0.573E-03
DAV:   2    -0.808224950839E+02   -0.66574E-06   -0.35513E-06  5040   0.641E-03    0.460E-03
DAV:   3    -0.808224954327E+02   -0.34879E-06   -0.60759E-07  5040   0.248E-03    0.439E-03
DAV:   4    -0.808224964032E+02   -0.97054E-06   -0.47256E-07  5040   0.260E-03    0.429E-03
DAV:   5    -0.808224969569E+02   -0.55361E-06   -0.23649E-07  5040   0.151E-03    0.436E-03
DAV:   6    -0.808224963445E+02    0.61236E-06   -0.17808E-07  5040   0.148E-03
  24 F= -.80822496E+02 E0= -.80816587E+02  d E =-.455157E-02  mag=    -0.0318
 curvature:  -0.37 expect dE=-0.144E-04 dE for cont linesearch -0.574E-07
 ZBRENT: bisectioning
 opt :   4.8278  next Energy=   -80.822496 (dE=-0.455E-02)
 bond charge predicted
       N       E                     dE             d eps       ncg     rms          rms(c)
DAV:   1    -0.808224971124E+02   -0.15553E-06   -0.17860E-07  5040   0.165E-03    0.438E-03
DAV:   2    -0.808224973909E+02   -0.27852E-06   -0.81681E-08  5040   0.861E-04    0.442E-03
DAV:   3    -0.808224974805E+02   -0.89634E-07   -0.18428E-08  5040   0.460E-04    0.443E-03
DAV:   4    -0.808224974462E+02    0.34353E-07   -0.66902E-09  5040   0.247E-04    0.444E-03
DAV:   5    -0.808224981881E+02   -0.74191E-06   -0.15363E-07  5040   0.135E-03    0.453E-03
DAV:   6    -0.808224963053E+02    0.18828E-05   -0.98673E-07  5040   0.348E-03
  25 F= -.80822496E+02 E0= -.80816587E+02  d E =-.455154E-02  mag=    -0.0191
 curvature:  -0.15 expect dE=-0.571E-05 dE for cont linesearch -0.252E-07
 ZBRENT: bisectioning
 opt :   4.8283  next Energy=   -80.822496 (dE=-0.455E-02)
 bond charge predicted
       N       E                     dE             d eps       ncg     rms          rms(c)
DAV:   1    -0.808224930958E+02    0.50923E-05   -0.69694E-06  5040   0.845E-03    0.363E-03
DAV:   2    -0.808224933903E+02   -0.29451E-06   -0.13683E-06  5040   0.362E-03    0.413E-03
DAV:   3    -0.808224933358E+02    0.54559E-07   -0.27504E-07  5040   0.157E-03    0.417E-03
DAV:   4    -0.808224933697E+02   -0.33991E-07   -0.83188E-08  5040   0.911E-04    0.425E-03
DAV:   5    -0.808224933769E+02   -0.71159E-08   -0.31960E-08  5040   0.460E-04    0.419E-03
DAV:   6    -0.808224943801E+02   -0.10033E-05   -0.57390E-07  5040   0.272E-03
  26 F= -.80822494E+02 E0= -.80816581E+02  d E =-.454961E-02  mag=    -0.0227
 curvature:  -0.07 expect dE=-0.261E-05 dE for cont linesearch -0.111E-07
 ZBRENT: bisectioning
 opt :   4.8286  next Energy=   -80.822494 (dE=-0.455E-02)
 bond charge predicted
       N       E                     dE             d eps       ncg     rms          rms(c)
DAV:   1    -0.808224943955E+02   -0.10186E-05   -0.84253E-08  5040   0.933E-04    0.309E-03
DAV:   2    -0.808224945334E+02   -0.13791E-06   -0.39530E-08  5040   0.641E-04    0.307E-03
DAV:   3    -0.808224946878E+02   -0.15443E-06   -0.35732E-08  5040   0.543E-04    0.312E-03
DAV:   4    -0.808224942283E+02    0.45953E-06   -0.12901E-07  5040   0.125E-03    0.309E-03
DAV:   5    -0.808224933687E+02    0.85955E-06   -0.70256E-07  5040   0.267E-03    0.284E-03
DAV:   6    -0.808224922228E+02    0.11459E-05   -0.20710E-06  5040   0.448E-03
  27 F= -.80822492E+02 E0= -.80816575E+02  d E =-.454745E-02  mag=    -0.0052
 curvature:  -0.03 expect dE=-0.131E-05 dE for cont linesearch -0.567E-08
 ZBRENT: bisectioning
 opt :   4.8287  next Energy=   -80.822492 (dE=-0.455E-02)
 bond charge predicted
       N       E                     dE             d eps       ncg     rms          rms(c)
DAV:   1    -0.808224913470E+02    0.20217E-05   -0.41624E-06  5040   0.653E-03    0.178E-03
DAV:   2    -0.808224914740E+02   -0.12700E-06   -0.92482E-07  5040   0.334E-03    0.237E-03
DAV:   3    -0.808224914683E+02    0.57480E-08   -0.20277E-07  5040   0.142E-03    0.260E-03
DAV:   4    -0.808224915523E+02   -0.84057E-07   -0.97706E-08  5040   0.115E-03    0.167E-03
DAV:   5    -0.808224916898E+02   -0.13750E-06   -0.84061E-08  5040   0.967E-04    0.147E-03
DAV:   6    -0.808224917966E+02   -0.10682E-06   -0.41839E-08  5040   0.766E-04
  28 F= -.80822492E+02 E0= -.80816573E+02  d E =-.454703E-02  mag=    -0.0080
 curvature:  -0.02 expect dE=-0.651E-06 dE for cont linesearch -0.289E-08
 ZBRENT: bisectioning
 opt :   4.8288  next Energy=   -80.822492 (dE=-0.455E-02)
 bond charge predicted
       N       E                     dE             d eps       ncg     rms          rms(c)
DAV:   1    -0.808224919142E+02   -0.22440E-06   -0.37445E-08  5040   0.675E-04    0.190E-03
DAV:   2    -0.808224919305E+02   -0.16322E-07   -0.15043E-08  5040   0.374E-04    0.136E-03
DAV:   3    -0.808224919635E+02   -0.32918E-07   -0.17388E-08  5040   0.427E-04    0.106E-03
DAV:   4    -0.808224919679E+02   -0.44729E-08   -0.53151E-09  5040   0.224E-04    0.107E-03
DAV:   5    -0.808224919005E+02    0.67464E-07   -0.34104E-08  5040   0.621E-04    0.102E-03
DAV:   6    -0.808224917157E+02    0.18474E-06   -0.40393E-07  5040   0.203E-03
  29 F= -.80822492E+02 E0= -.80816573E+02  d E =-.454695E-02  mag=    -0.0026
 curvature:  -0.01 expect dE=-0.321E-06 dE for cont linesearch -0.152E-08
 ZBRENT: bisectioning
 opt :   4.8288  next Energy=   -80.822492 (dE=-0.455E-02)
 bond charge predicted
       N       E                     dE             d eps       ncg     rms          rms(c)
DAV:   1    -0.808224916005E+02    0.29993E-06   -0.59315E-07  5040   0.231E-03    0.132E-03
DAV:   2    -0.808224916121E+02   -0.11598E-07   -0.91805E-08  5040   0.110E-03    0.630E-04
DAV:   3    -0.808224916140E+02   -0.18154E-08   -0.16497E-08  5040   0.419E-04    0.517E-04
DAV:   4    -0.808224916123E+02    0.16989E-08   -0.95037E-09  5040   0.334E-04    0.435E-04
DAV:   5    -0.808224916123E+02   -0.23647E-10   -0.44360E-09  5040   0.173E-04    0.437E-04
DAV:   6    -0.808224916124E+02   -0.67303E-10   -0.27601E-09  5040   0.145E-04
  30 F= -.80822492E+02 E0= -.80816573E+02  d E =-.454684E-02  mag=    -0.0025
 curvature:  -0.00 expect dE=-0.157E-06 dE for cont linesearch -0.718E-09
 ZBRENT: bisectioning
 opt :   4.8288  next Energy=   -80.822492 (dE=-0.455E-02)
 bond charge predicted
       N       E                     dE             d eps       ncg     rms          rms(c)
DAV:   1    -0.808224916124E+02   -0.11823E-09   -0.20116E-09  5040   0.101E-04    0.432E-04
DAV:   2    -0.808224916123E+02    0.65484E-10   -0.14049E-09  5040   0.102E-04    0.430E-04
DAV:   3    -0.808224916114E+02    0.90404E-09   -0.12563E-09  5040   0.102E-04    0.433E-04
DAV:   4    -0.808224916098E+02    0.16298E-08   -0.12513E-09  5040   0.118E-04    0.425E-04
DAV:   5    -0.808224916038E+02    0.60008E-08   -0.48333E-08  5040   0.721E-04    0.381E-04
DAV:   6    -0.808224915870E+02    0.16800E-07   -0.75833E-08  5040   0.832E-04
  31 F= -.80822492E+02 E0= -.80816572E+02  d E =-.454682E-02  mag=     0.0002
 curvature:  -0.00 expect dE=-0.787E-07 dE for cont linesearch -0.363E-09
 ZBRENT:  can not reach accuracy
 opt :   0.0000  next Energy=     0.000000 (dE= 0.808E+02)
 bond charge predicted
       N       E                     dE             d eps       ncg     rms          rms(c)
DAV:   1    -0.808238239163E+02   -0.13323E-02   -0.58995E-01 10344   0.375E+00    0.796E-01
DAV:   2    -0.808248723992E+02   -0.10485E-02   -0.42291E-02 11256   0.789E-01    0.638E-01
DAV:   3    -0.808207662933E+02    0.41061E-02   -0.39764E-03 13920   0.363E-01    0.405E-01
DAV:   4    -0.808182285559E+02    0.25377E-02   -0.59264E-03 13872   0.455E-01    0.107E-01
DAV:   5    -0.808180185533E+02    0.21000E-03   -0.61327E-04 10944   0.950E-02    0.744E-02
DAV:   6    -0.808179642099E+02    0.54343E-04   -0.13549E-04  7008   0.577E-02
  32 F= -.80817964E+02 E0= -.80811862E+02  d E =-.194403E-04  mag=     0.0001
 curvature:   0.00 expect dE= 0.135-311 dE for cont linesearch  0.906-312
 ZBRENT: fatal error in bracketing
     please rerun with smaller EDIFF, or copy CONTCAR
     to POSCAR and continue
