 running on   48 total cores
 distrk:  each k-point on   48 cores,    1 groups
 distr:  one band on   12 cores,    4 groups
 using from now: INCAR     
 vasp.5.4.1 24Jun15 (build Nov 23 2015 09:58:10) complex                        
  
 POSCAR found type information on POSCAR  Ta Ga Se
 POSCAR found :  3 types and      13 ions
 scaLAPACK will be used
 LDA part: xc-table for Pade appr. of Perdew
 POSCAR, INCAR and KPOINTS ok, starting setup
 FFT: planning ...
 WAVECAR not read
 entering main loop
       N       E                     dE             d eps       ncg     rms          rms(c)
DAV:   1     0.106113735685E+04    0.10611E+04   -0.48972E+04  1232   0.156E+03
DAV:   2     0.496804178659E+02   -0.10115E+04   -0.95911E+03  1288   0.456E+02
DAV:   3    -0.740525803200E+02   -0.12373E+03   -0.11884E+03  1360   0.133E+02
DAV:   4    -0.803132238525E+02   -0.62606E+01   -0.61763E+01  1448   0.304E+01
DAV:   5    -0.804580682333E+02   -0.14484E+00   -0.14410E+00  1432   0.436E+00    0.368E+01
DAV:   6    -0.797801327337E+02    0.67794E+00   -0.78317E-01  1448   0.443E+00    0.312E+01
DAV:   7    -0.786443288785E+02    0.11358E+01   -0.12749E+01  1376   0.170E+01    0.101E+01
DAV:   8    -0.789044098384E+02   -0.26008E+00   -0.22488E+00  1376   0.630E+00    0.544E+00
DAV:   9    -0.789054733041E+02   -0.10635E-02   -0.35280E-01  1376   0.230E+00    0.368E+00
DAV:  10    -0.788808408376E+02    0.24632E-01   -0.17526E-01  1408   0.196E+00    0.161E+00
DAV:  11    -0.788612788974E+02    0.19562E-01   -0.10600E-01  1376   0.134E+00    0.977E-01
DAV:  12    -0.788645475581E+02   -0.32687E-02   -0.45852E-02  1416   0.875E-01    0.381E-01
DAV:  13    -0.788655095634E+02   -0.96201E-03   -0.48112E-03  1392   0.256E-01    0.278E-01
DAV:  14    -0.788667003445E+02   -0.11908E-02   -0.17975E-03  1392   0.173E-01    0.153E-01
DAV:  15    -0.788669712193E+02   -0.27087E-03   -0.74180E-04  1240   0.926E-02    0.110E-01
DAV:  16    -0.788669796684E+02   -0.84491E-05   -0.31187E-04  1152   0.683E-02
   1 F= -.78866980E+02 E0= -.78860736E+02  d E =-.124875E-01  mag=     0.0638
