 running on   24 total cores
 distrk:  each k-point on   24 cores,    1 groups
 distr:  one band on    6 cores,    4 groups
 using from now: INCAR     
 vasp.5.4.1 24Jun15 (build Nov 23 2015 09:58:10) complex                        
  
 POSCAR found type information on POSCAR  Si
 POSCAR found :  1 types and       8 ions
 scaLAPACK will be used
 LDA part: xc-table for Pade appr. of Perdew
 WARNING: stress and forces are not correct
 POSCAR, INCAR and KPOINTS ok, starting setup
 WARNING: small aliasing (wrap around) errors must be expected
 FFT: planning ...
 WAVECAR not read
 charge-density read from file: unknown                                 
 magnetization density read from file 1
 WARNING: random wavefunctions but no delay for mixing, default for NELMDL
 entering main loop
       N       E                     dE             d eps       ncg     rms          rms(c)
DAV:   1     0.556938755743E+02    0.55694E+02   -0.12719E+04 56320   0.864E+02
DAV:   2    -0.359714232589E+02   -0.91665E+02   -0.85570E+02 70424   0.145E+02
DAV:   3    -0.393187788291E+02   -0.33474E+01   -0.32835E+01 73384   0.224E+01
DAV:   4    -0.393366268047E+02   -0.17848E-01   -0.17830E-01 69624   0.210E+00
DAV:   5    -0.393367096438E+02   -0.82839E-04   -0.82834E-04 71856   0.132E-01
DAV:   6    -0.393367101607E+02   -0.51689E-06   -0.51834E-06 57136   0.115E-02
   1 F= -.39336710E+02 E0= -.39335051E+02  d E =-.331884E-02  mag=     0.0046
