 running on   96 total cores
 distrk:  each k-point on   96 cores,    1 groups
 distr:  one band on   12 cores,    8 groups
 using from now: INCAR     
 vasp.5.4.1 24Jun15 (build Nov 23 2015 09:58:10) complex                        
  
 POSCAR found type information on POSCAR  Si
 POSCAR found :  1 types and       8 ions
 scaLAPACK will be used
 LDA part: xc-table for Pade appr. of Perdew
 POSCAR, INCAR and KPOINTS ok, starting setup
 WARNING: small aliasing (wrap around) errors must be expected
 FFT: planning ...
 WAVECAR not read
 entering main loop
       N       E                     dE             d eps       ncg     rms          rms(c)
DAV:   1     0.693696661020E+02    0.69370E+02   -0.13446E+04 12384   0.117E+03
DAV:   2    -0.334812650723E+02   -0.10285E+03   -0.95095E+02 15680   0.173E+02
DAV:   3    -0.377439548583E+02   -0.42627E+01   -0.40943E+01 16320   0.302E+01
DAV:   4    -0.377921742305E+02   -0.48219E-01   -0.48101E-01 14568   0.346E+00
DAV:   5    -0.377927248283E+02   -0.55060E-03   -0.55043E-03 16216   0.308E-01    0.122E+01
DAV:   6    -0.377397355691E+02    0.52989E-01   -0.60873E-03 14920   0.388E-01    0.109E+01
DAV:   7    -0.375681468528E+02    0.17159E+00   -0.29640E-01 14640   0.269E+00    0.703E-01
DAV:   8    -0.375512346857E+02    0.16912E-01   -0.70911E-02 13904   0.141E+00    0.433E-01
DAV:   9    -0.375511654294E+02    0.69256E-04   -0.52812E-03 16056   0.331E-01    0.429E-01
DAV:  10    -0.375510652196E+02    0.10021E-03   -0.12211E-04 10192   0.598E-02    0.388E-01
DAV:  11    -0.375506520363E+02    0.41318E-03   -0.14760E-03 14968   0.187E-01    0.659E-02
DAV:  12    -0.375506005448E+02    0.51492E-04   -0.40625E-04 14112   0.107E-01
   1 F= -.37550601E+02 E0= -.37548817E+02  d E =-.375506E+02
 curvature:   0.00 expect dE= 0.000E+00 dE for cont linesearch  0.000E+00
 trial: gam= 0.00000 g(F)=  0.703E-03 g(S)=  0.839E+00 ort = 0.000E+00 (trialstep = 0.100E+01)
 search vector abs. value=  0.840E+00
 bond charge predicted
       N       E                     dE             d eps       ncg     rms          rms(c)
DAV:   1    -0.383145728742E+02   -0.76392E+00   -0.89249E-01 14536   0.417E+00    0.124E+00
DAV:   2    -0.383120701987E+02    0.25027E-02   -0.10564E-02 15952   0.564E-01    0.118E+00
DAV:   3    -0.382995579296E+02    0.12512E-01   -0.60007E-03 13832   0.359E-01    0.217E-01
DAV:   4    -0.382985498805E+02    0.10080E-02   -0.71757E-04 15528   0.127E-01    0.164E-01
DAV:   5    -0.382984915777E+02    0.58303E-04   -0.28589E-05  8320   0.312E-02    0.730E-02
DAV:   6    -0.382984447608E+02    0.46817E-04   -0.18807E-05  7560   0.235E-02
   2 F= -.38298445E+02 E0= -.38296656E+02  d E =-.747844E+00
 ZBRENT: can't locate minimum, use default step
 trial-energy change:   -0.747844  1 .order   -0.753955   -0.840173   -0.667738
 step:   4.0000(harm=  4.8724)  dis= 0.00237  next Energy=   -39.597438 (dE=-0.205E+01)
 bond charge predicted
       N       E                     dE             d eps       ncg     rms          rms(c)
DAV:   1    -0.397379156932E+02   -0.14394E+01   -0.78743E+00 14320   0.119E+01    0.336E+00
DAV:   2    -0.397140849415E+02    0.23831E-01   -0.96515E-02 16024   0.165E+00    0.315E+00
DAV:   3    -0.395946091551E+02    0.11948E+00   -0.74176E-02 13232   0.121E+00    0.434E-01
DAV:   4    -0.395892498623E+02    0.53593E-02   -0.49841E-03 15688   0.326E-01    0.439E-01
DAV:   5    -0.395888818968E+02    0.36797E-03   -0.26583E-04 13064   0.888E-02    0.260E-01
DAV:   6    -0.395885926495E+02    0.28925E-03   -0.13757E-04  9000   0.629E-02    0.141E-01
DAV:   7    -0.395885199992E+02    0.72650E-04   -0.81029E-05  7680   0.505E-02
   3 F= -.39588520E+02 E0= -.39586497E+02  d E =-.203792E+01
 curvature:  -2.31 expect dE=-0.163E+00 dE for cont linesearch -0.158E+00
 ZBRENT: increasing intervall
 opt :  10.0000  next Energy=   -38.456398 (dE=-0.906E+00)
 bond charge predicted
       N       E                     dE             d eps       ncg     rms          rms(c)
DAV:   1    -0.399115116573E+02   -0.32292E+00   -0.30342E+01 13648   0.219E+01    0.557E+00
DAV:   2    -0.398077193224E+02    0.10379E+00   -0.44305E-01 16592   0.326E+00    0.508E+00
DAV:   3    -0.392843465597E+02    0.52337E+00   -0.46835E-01 12944   0.283E+00    0.577E-01
DAV:   4    -0.392744868876E+02    0.98597E-02   -0.19505E-02 16040   0.618E-01    0.655E-01
DAV:   5    -0.392735685772E+02    0.91831E-03   -0.71864E-04 15024   0.141E-01    0.521E-01
DAV:   6    -0.392722203212E+02    0.13483E-02   -0.10050E-03 15480   0.149E-01    0.335E-01
DAV:   7    -0.392717124751E+02    0.50785E-03   -0.44524E-04 13944   0.108E-01    0.571E-02
DAV:   8    -0.392716496206E+02    0.62854E-04   -0.57355E-05  7456   0.356E-02
   4 F= -.39271650E+02 E0= -.39269249E+02  d E =-.172105E+01
 curvature:  16.58 expect dE= 0.189E+01 dE for cont linesearch  0.183E+01
 ZBRENT: bracketing found
 ZBRENT: interpolating
 opt :   6.6422  next Energy=   -39.904958 (dE=-0.235E+01)
 bond charge predicted
       N       E                     dE             d eps       ncg     rms          rms(c)
DAV:   1    -0.400222229742E+02   -0.75051E+00   -0.10455E+01 13664   0.140E+01    0.332E+00
DAV:   2    -0.400006944359E+02    0.21529E-01   -0.27279E-01 16320   0.241E+00    0.309E+00
DAV:   3    -0.398718657002E+02    0.12883E+00   -0.40794E-02 13472   0.889E-01    0.146E+00
DAV:   4    -0.398192508347E+02    0.52615E-01   -0.49564E-02 13784   0.938E-01    0.564E-01
DAV:   5    -0.398189581078E+02    0.29273E-03   -0.15724E-03 15640   0.221E-01    0.337E-01
DAV:   6    -0.398183695449E+02    0.58856E-03   -0.67346E-04 14496   0.119E-01    0.272E-01
DAV:   7    -0.398183106513E+02    0.58894E-04   -0.17106E-04  9984   0.677E-02
   5 F= -.39818311E+02 E0= -.39816535E+02  d E =-.226771E+01
 curvature:  -2.87 expect dE=-0.167E-01 dE for cont linesearch -0.602E-02
 ZBRENT: interpolating
 opt :   6.2482  next Energy=   -39.826580 (dE=-0.228E+01)
 bond charge predicted
       N       E                     dE             d eps       ncg     rms          rms(c)
DAV:   1    -0.398296546358E+02   -0.11285E-01   -0.14152E-01 14104   0.160E+00    0.393E-01
DAV:   2    -0.398292758287E+02    0.37881E-03   -0.25353E-03 16184   0.247E-01    0.361E-01
DAV:   3    -0.398272785397E+02    0.19973E-02   -0.94510E-04 13504   0.133E-01    0.112E-01
DAV:   4    -0.398269504076E+02    0.32813E-03   -0.30281E-04 10752   0.757E-02    0.510E-02
DAV:   5    -0.398269484018E+02    0.20057E-05   -0.24078E-05  6936   0.300E-02    0.365E-02
DAV:   6    -0.398269503035E+02   -0.19017E-05   -0.57145E-06  6600   0.136E-02
   6 F= -.39826950E+02 E0= -.39825131E+02  d E =-.227635E+01
 curvature:  -3.94 expect dE=-0.140E-01 dE for cont linesearch -0.116E-03
 ZBRENT: interpolating
 opt :   6.1964  next Energy=   -39.827082 (dE=-0.228E+01)
 bond charge predicted
       N       E                     dE             d eps       ncg     rms          rms(c)
DAV:   1    -0.398271200147E+02   -0.17161E-03   -0.24467E-03 14056   0.211E-01    0.461E-02
DAV:   2    -0.398271108025E+02    0.92122E-05   -0.38579E-05  7872   0.319E-02    0.403E-02
DAV:   3    -0.398270680844E+02    0.42718E-04   -0.33842E-05  6584   0.279E-02    0.985E-03
DAV:   4    -0.398270667050E+02    0.13794E-05   -0.46069E-06  6400   0.116E-02    0.104E-02
DAV:   5    -0.398270665879E+02    0.11712E-06   -0.38689E-07  6336   0.432E-03    0.977E-03
DAV:   6    -0.398270670339E+02   -0.44600E-06   -0.12515E-06  6336   0.545E-03
   7 F= -.39827067E+02 E0= -.39825239E+02  d E =-.227647E+01
 curvature:  -4.47 expect dE=-0.157E-01 dE for cont linesearch -0.284E-06
 trial: gam= 0.00391 g(F)=  0.249E-02 g(S)=  0.102E-02 ort = 0.231E-03 (trialstep = 0.204E+01)
 search vector abs. value=  0.353E-02
 bond charge predicted
       N       E                     dE             d eps       ncg     rms          rms(c)
DAV:   1    -0.398340762748E+02   -0.70097E-02   -0.13868E-02 14888   0.591E-01    0.608E-02
DAV:   2    -0.398340937305E+02   -0.17456E-04   -0.46387E-04 15512   0.114E-01    0.485E-02
DAV:   3    -0.398340462849E+02    0.47446E-04   -0.32522E-05  8792   0.294E-02    0.334E-02
DAV:   4    -0.398340236898E+02    0.22595E-04   -0.59168E-05  7560   0.350E-02    0.142E-02
DAV:   5    -0.398340176740E+02    0.60158E-05   -0.31916E-05  6536   0.305E-02    0.754E-03
DAV:   6    -0.398340176566E+02    0.17331E-07   -0.85208E-06  6360   0.162E-02
   8 F= -.39834018E+02 E0= -.39832110E+02  d E =-.695062E-02
 ZBRENT: can't locate minimum, use default step
 trial-energy change:   -0.006951  1 .order   -0.006946   -0.007164   -0.006728
 step:   8.1571(harm= 33.5165)  dis= 0.00930  next Energy=   -39.885940 (dE=-0.589E-01)
 bond charge predicted
       N       E                     dE             d eps       ncg     rms          rms(c)
DAV:   1    -0.398530800244E+02   -0.19062E-01   -0.12613E-01 14944   0.178E+00    0.181E-01
DAV:   2    -0.398532468445E+02   -0.16682E-03   -0.42506E-03 15464   0.344E-01    0.143E-01
DAV:   3    -0.398528355559E+02    0.41129E-03   -0.29872E-04 14608   0.857E-02    0.994E-02
DAV:   4    -0.398526238466E+02    0.21171E-03   -0.46447E-04 14872   0.978E-02    0.449E-02
DAV:   5    -0.398525604733E+02    0.63373E-04   -0.20980E-04 10528   0.721E-02    0.198E-02
DAV:   6    -0.398525625893E+02   -0.21160E-05   -0.42357E-05  6816   0.340E-02
   9 F= -.39852563E+02 E0= -.39850496E+02  d E =-.254956E-01
 curvature:  -5.90 expect dE=-0.134E-01 dE for cont linesearch -0.128E-01
 ZBRENT: increasing intervall
 opt :  20.3927  next Energy=   -39.879779 (dE=-0.527E-01)
 bond charge predicted
       N       E                     dE             d eps       ncg     rms          rms(c)
DAV:   1    -0.398812500599E+02   -0.28690E-01   -0.51800E-01 14968   0.358E+00    0.379E-01
DAV:   2    -0.398820032199E+02   -0.75316E-03   -0.17978E-02 15528   0.707E-01    0.293E-01
DAV:   3    -0.398803695342E+02    0.16337E-02   -0.10412E-03 15640   0.162E-01    0.209E-01
DAV:   4    -0.398793647184E+02    0.10048E-02   -0.20549E-03 15104   0.207E-01    0.884E-02
DAV:   5    -0.398791187180E+02    0.24600E-03   -0.91312E-04 14440   0.148E-01    0.447E-02
DAV:   6    -0.398791238493E+02   -0.51313E-05   -0.11968E-04  8056   0.561E-02
  10 F= -.39879124E+02 E0= -.39877079E+02  d E =-.520568E-01
 curvature: -12.58 expect dE=-0.150E-01 dE for cont linesearch -0.649E-02
 ZBRENT: increasing intervall
 opt :  44.8640  next Energy=   -39.877554 (dE=-0.505E-01)
 bond charge predicted
       N       E                     dE             d eps       ncg     rms          rms(c)
DAV:   1    -0.398744910161E+02    0.46277E-02   -0.21480E+00 15136   0.725E+00    0.833E-01
DAV:   2    -0.398777808303E+02   -0.32898E-02   -0.81111E-02 15352   0.149E+00    0.611E-01
DAV:   3    -0.398708095708E+02    0.69713E-02   -0.41614E-03 15816   0.327E-01    0.449E-01
DAV:   4    -0.398658121339E+02    0.49974E-02   -0.10031E-02 15040   0.461E-01    0.188E-01
DAV:   5    -0.398646902654E+02    0.11219E-02   -0.41709E-03 14824   0.319E-01    0.103E-01
DAV:   6    -0.398647078873E+02   -0.17622E-04   -0.63561E-04 14912   0.124E-01
  11 F= -.39864708E+02 E0= -.39862469E+02  d E =-.376409E-01
 curvature:   3.04 expect dE= 0.174E-01 dE for cont linesearch  0.575E-02
 ZBRENT: bracketing found
 ZBRENT: interpolating
 opt :  28.7924  next Energy=   -39.884789 (dE=-0.577E-01)
 bond charge predicted
       N       E                     dE             d eps       ncg     rms          rms(c)
DAV:   1    -0.398898400233E+02   -0.25150E-01   -0.93065E-01 14904   0.486E+00    0.511E-01
DAV:   2    -0.398913747851E+02   -0.15348E-02   -0.39233E-02 15704   0.102E+00    0.408E-01
DAV:   3    -0.398878288161E+02    0.35460E-02   -0.23551E-03 15584   0.243E-01    0.295E-01
DAV:   4    -0.398855517000E+02    0.22771E-02   -0.43506E-03 15080   0.301E-01    0.135E-01
DAV:   5    -0.398849323328E+02    0.61937E-03   -0.18665E-03 14808   0.210E-01    0.639E-02
DAV:   6    -0.398849319363E+02    0.39645E-06   -0.26641E-04 11752   0.807E-02
  12 F= -.39884932E+02 E0= -.39882770E+02  d E =-.578649E-01
 curvature:  -3.00 expect dE=-0.475E-02 dE for cont linesearch -0.659E-07
 trial: gam= 0.45360 g(F)=  0.102E-02 g(S)=  0.560E-03 ort =-0.881E-05 (trialstep = 0.739E+01)
 search vector abs. value=  0.230E-02
 bond charge predicted
       N       E                     dE             d eps       ncg     rms          rms(c)
DAV:   1    -0.398956609450E+02   -0.10729E-01   -0.11418E-01 13224   0.169E+00    0.119E-01
DAV:   2    -0.398959676310E+02   -0.30669E-03   -0.38694E-03 16256   0.333E-01    0.837E-02
DAV:   3    -0.398958806859E+02    0.86945E-04   -0.59501E-05 10120   0.443E-02    0.685E-02
DAV:   4    -0.398958047294E+02    0.75957E-04   -0.25037E-04 12480   0.730E-02    0.334E-02
DAV:   5    -0.398957917491E+02    0.12980E-04   -0.14027E-04  9208   0.602E-02    0.174E-02
DAV:   6    -0.398957876753E+02    0.40737E-05   -0.31626E-05  6864   0.310E-02
  13 F= -.39895788E+02 E0= -.39893734E+02  d E =-.108557E-01
 ZBRENT: can't locate minimum, use default step
 trial-energy change:   -0.010856  1 .order   -0.010835   -0.011664   -0.010005
 step:  29.5596(harm= 51.9629)  dis= 0.04455  next Energy=   -39.925940 (dE=-0.410E-01)
 bond charge predicted
       N       E                     dE             d eps       ncg     rms          rms(c)
DAV:   1    -0.399154794332E+02   -0.19688E-01   -0.10233E+00 13280   0.506E+00    0.379E-01
DAV:   2    -0.399183874481E+02   -0.29080E-02   -0.34781E-02 16200   0.998E-01    0.255E-01
DAV:   3    -0.399176782805E+02    0.70917E-03   -0.46625E-04 14760   0.121E-01    0.209E-01
DAV:   4    -0.399169230241E+02    0.75526E-03   -0.21421E-03 15176   0.215E-01    0.842E-02
DAV:   5    -0.399167838143E+02    0.13921E-03   -0.77258E-04 14248   0.138E-01    0.571E-02
DAV:   6    -0.399167869832E+02   -0.31689E-05   -0.12411E-04  7656   0.539E-02
  14 F= -.39916787E+02 E0= -.39915053E+02  d E =-.318550E-01
 curvature: -28.30 expect dE=-0.145E-01 dE for cont linesearch -0.297E-02
 ZBRENT: increasing intervall
 opt :  73.8990  next Energy=   -39.900348 (dE=-0.154E-01)
 bond charge predicted
       N       E                     dE             d eps       ncg     rms          rms(c)
DAV:   1    -0.398882796522E+02    0.28504E-01   -0.40864E+00 13096   0.101E+01    0.761E-01
DAV:   2    -0.399009685233E+02   -0.12689E-01   -0.14702E-01 16312   0.205E+00    0.499E-01
DAV:   3    -0.398984598465E+02    0.25087E-02   -0.17295E-03 14744   0.235E-01    0.415E-01
DAV:   4    -0.398956100782E+02    0.28498E-02   -0.88432E-03 15056   0.430E-01    0.163E-01
DAV:   5    -0.398950999979E+02    0.51008E-03   -0.27311E-03 14232   0.260E-01    0.124E-01
DAV:   6    -0.398950999098E+02    0.88114E-07   -0.55788E-04 15136   0.106E-01
  15 F= -.39895100E+02 E0= -.39893233E+02  d E =-.101680E-01
 curvature: 156.47 expect dE= 0.466E+00 dE for cont linesearch  0.171E+00
 ZBRENT: bracketing found
 ZBRENT: interpolating
 opt :  40.0483  next Energy=   -39.919365 (dE=-0.344E-01)
 bond charge predicted
       N       E                     dE             d eps       ncg     rms          rms(c)
DAV:   1    -0.399162612049E+02   -0.21161E-01   -0.24052E+00 13112   0.776E+00    0.581E-01
DAV:   2    -0.399235504593E+02   -0.72893E-02   -0.86092E-02 16304   0.157E+00    0.362E-01
DAV:   3    -0.399220787409E+02    0.14717E-02   -0.92019E-04 14816   0.174E-01    0.304E-01
DAV:   4    -0.399200211162E+02    0.20576E-02   -0.52861E-03 15088   0.336E-01    0.121E-01
DAV:   5    -0.399197199293E+02    0.30119E-03   -0.14129E-03 14328   0.189E-01    0.887E-02
DAV:   6    -0.399196885820E+02    0.31347E-04   -0.34673E-04 13464   0.812E-02
  16 F= -.39919689E+02 E0= -.39917995E+02  d E =-.347566E-01
 curvature:  -2.36 expect dE=-0.124E-02 dE for cont linesearch -0.907E-05
 trial: gam= 0.13559 g(F)=  0.500E-03 g(S)=  0.267E-04 ort = 0.941E-04 (trialstep = 0.139E+02)
 search vector abs. value=  0.595E-03
 bond charge predicted
       N       E                     dE             d eps       ncg     rms          rms(c)
DAV:   1    -0.399242077250E+02   -0.44878E-02   -0.14152E-01 13368   0.185E+00    0.140E-01
DAV:   2    -0.399249182379E+02   -0.71051E-03   -0.77704E-03 16032   0.454E-01    0.987E-02
DAV:   3    -0.399248417297E+02    0.76508E-04   -0.50648E-05 10400   0.462E-02    0.888E-02
DAV:   4    -0.399246648708E+02    0.17686E-03   -0.92471E-04 15320   0.143E-01    0.227E-02
DAV:   5    -0.399246596706E+02    0.52002E-05   -0.11541E-04  6880   0.554E-02    0.238E-02
DAV:   6    -0.399246466552E+02    0.13015E-04   -0.23520E-05  6568   0.267E-02
  17 F= -.39924647E+02 E0= -.39922844E+02  d E =-.495807E-02
 trial-energy change:   -0.004958  1 .order   -0.004983   -0.007510   -0.002455
 step:  20.6824(harm= 20.6824)  dis= 0.01167  next Energy=   -39.925267 (dE=-0.558E-02)
 bond charge predicted
       N       E                     dE             d eps       ncg     rms          rms(c)
DAV:   1    -0.399251350203E+02   -0.47535E-03   -0.33105E-02 13424   0.896E-01    0.676E-02
DAV:   2    -0.399253097699E+02   -0.17475E-03   -0.18368E-03 16064   0.220E-01    0.434E-02
DAV:   3    -0.399252966899E+02    0.13080E-04   -0.11460E-05  8680   0.221E-02    0.386E-02
DAV:   4    -0.399252688370E+02    0.27853E-04   -0.13101E-04  7600   0.568E-02    0.861E-03
DAV:   5    -0.399252682216E+02    0.61541E-06   -0.25233E-05  6552   0.265E-02    0.100E-02
DAV:   6    -0.399252667594E+02    0.14622E-05   -0.30687E-06  6376   0.105E-02
  18 F= -.39925267E+02 E0= -.39923408E+02  d E =-.557818E-02
 curvature: -11.40 expect dE=-0.114E-02 dE for cont linesearch -0.990E-06
 trial: gam= 0.19224 g(F)=  0.264E-04 g(S)=  0.741E-04 ort = 0.719E-05 (trialstep = 0.153E+02)
 search vector abs. value=  0.125E-03
 bond charge predicted
       N       E                     dE             d eps       ncg     rms          rms(c)
DAV:   1    -0.399261538451E+02   -0.88562E-03   -0.31604E-02 15720   0.859E-01    0.110E-01
DAV:   2    -0.399261963373E+02   -0.42492E-04   -0.13738E-03 15232   0.195E-01    0.953E-02
DAV:   3    -0.399260274854E+02    0.16885E-03   -0.11074E-04 11152   0.534E-02    0.640E-02
DAV:   4    -0.399259518802E+02    0.75605E-04   -0.17926E-04  9520   0.591E-02    0.265E-02
DAV:   5    -0.399259299551E+02    0.21925E-04   -0.10674E-04  8024   0.530E-02    0.123E-02
DAV:   6    -0.399259297429E+02    0.21223E-06   -0.24684E-05  6664   0.279E-02
  19 F= -.39925930E+02 E0= -.39923910E+02  d E =-.662983E-03
 trial-energy change:   -0.000663  1 .order   -0.000671   -0.001555    0.000212
 step:  13.4390(harm= 13.4390)  dis= 0.00224  next Energy=   -39.925951 (dE=-0.684E-03)
 bond charge predicted
       N       E                     dE             d eps       ncg     rms          rms(c)
DAV:   1    -0.399259486716E+02   -0.18716E-04   -0.47073E-04 15616   0.103E-01    0.179E-02
DAV:   2    -0.399259478312E+02    0.84038E-06   -0.20195E-05  6592   0.249E-02    0.167E-02
DAV:   3    -0.399259423467E+02    0.54844E-05   -0.80080E-06  6296   0.149E-02    0.962E-03
DAV:   4    -0.399259414965E+02    0.85022E-06   -0.24555E-06  6288   0.705E-03    0.584E-03
DAV:   5    -0.399259407292E+02    0.76733E-06   -0.13445E-06  6288   0.602E-03    0.104E-03
DAV:   6    -0.399259407436E+02   -0.14390E-07   -0.26036E-07  6272   0.264E-03
  20 F= -.39925941E+02 E0= -.39923945E+02  d E =-.673984E-03
 curvature:  -8.26 expect dE=-0.246E-03 dE for cont linesearch -0.977E-08
 trial: gam= 0.30429 g(F)=  0.155E-04 g(S)=  0.143E-04 ort = 0.385E-06 (trialstep = 0.149E+02)
 search vector abs. value=  0.416E-04
 bond charge predicted
       N       E                     dE             d eps       ncg     rms          rms(c)
DAV:   1    -0.399263630214E+02   -0.42229E-03   -0.82771E-03 13232   0.454E-01    0.480E-02
DAV:   2    -0.399263688901E+02   -0.58687E-05   -0.19163E-04 12488   0.786E-02    0.413E-02
DAV:   3    -0.399263419738E+02    0.26916E-04   -0.36410E-05  7344   0.339E-02    0.232E-02
DAV:   4    -0.399263344650E+02    0.75087E-05   -0.16528E-05  6488   0.193E-02    0.963E-03
DAV:   5    -0.399263303576E+02    0.41074E-05   -0.71564E-06  6360   0.146E-02    0.421E-03
DAV:   6    -0.399263299717E+02    0.38595E-06   -0.18893E-06  6304   0.667E-03
  21 F= -.39926330E+02 E0= -.39924318E+02  d E =-.389228E-03
 ZBRENT: can't locate minimum, use default step
 trial-energy change:   -0.000389  1 .order   -0.000390   -0.000446   -0.000335
 step:  59.6272(harm= 59.8873)  dis= 0.00918  next Energy=   -39.926837 (dE=-0.896E-03)
 bond charge predicted
       N       E                     dE             d eps       ncg     rms          rms(c)
DAV:   1    -0.399271705997E+02   -0.84024E-03   -0.74463E-02 13304   0.136E+00    0.140E-01
DAV:   2    -0.399272455113E+02   -0.74912E-04   -0.18665E-03 16248   0.236E-01    0.120E-01
DAV:   3    -0.399270405434E+02    0.20497E-03   -0.11636E-04 10144   0.548E-02    0.805E-02
DAV:   4    -0.399269332679E+02    0.10728E-03   -0.21722E-04 10992   0.656E-02    0.266E-02
DAV:   5    -0.399269048100E+02    0.28458E-04   -0.10418E-04  8288   0.525E-02    0.151E-02
DAV:   6    -0.399269025948E+02    0.22152E-05   -0.25495E-05  6528   0.264E-02
  22 F= -.39926903E+02 E0= -.39924958E+02  d E =-.961851E-03
 curvature: -41.66 expect dE=-0.768E-02 dE for cont linesearch -0.495E-05
 trial: gam= 6.26671 g(F)=  0.237E-04 g(S)=  0.161E-03 ort = 0.222E-05 (trialstep = 0.538E+00)
 search vector abs. value=  0.185E-02
 bond charge predicted
       N       E                     dE             d eps       ncg     rms          rms(c)
DAV:   1    -0.399270108683E+02   -0.10606E-03   -0.44831E-04 13552   0.109E-01    0.197E-02
DAV:   2    -0.399270115089E+02   -0.64061E-06   -0.94175E-06  6664   0.174E-02    0.178E-02
DAV:   3    -0.399270106649E+02    0.84397E-06   -0.12320E-06  6360   0.666E-03    0.954E-03
DAV:   4    -0.399270099791E+02    0.68578E-06   -0.53234E-07  6344   0.385E-03    0.148E-03
DAV:   5    -0.399270098980E+02    0.81134E-07   -0.21850E-07  6288   0.259E-03    0.766E-04
DAV:   6    -0.399270098953E+02    0.26992E-08   -0.39500E-08  6240   0.950E-04
  23 F= -.39927010E+02 E0= -.39925086E+02  d E =-.107300E-03
 ZBRENT: can't locate minimum, use default step
 trial-energy change:   -0.000107  1 .order   -0.000108   -0.000107   -0.000110
 step:   2.1501(harm=  2.1501)  dis= 0.00228  next Energy=   -39.927353 (dE=-0.450E-03)
 bond charge predicted
       N       E                     dE             d eps       ncg     rms          rms(c)
DAV:   1    -0.399273446958E+02   -0.33480E-03   -0.40229E-03 13688   0.324E-01    0.233E-02
DAV:   2    -0.399273500716E+02   -0.53758E-05   -0.85097E-05 11224   0.526E-02    0.194E-02
DAV:   3    -0.399273442685E+02    0.58031E-05   -0.11001E-05  6960   0.198E-02    0.119E-02
DAV:   4    -0.399273418271E+02    0.24414E-05   -0.57213E-06  6464   0.118E-02    0.462E-03
DAV:   5    -0.399273413924E+02    0.43471E-06   -0.20746E-06  6320   0.796E-03    0.166E-03
DAV:   6    -0.399273414038E+02   -0.11433E-07   -0.46616E-07  6296   0.348E-03
  24 F= -.39927341E+02 E0= -.39925479E+02  d E =-.438809E-03
 curvature: -15.20 expect dE=-0.286E-02 dE for cont linesearch -0.348E-03
 ZBRENT: increasing intervall
 opt :   5.3752  next Energy=   -39.928010 (dE=-0.111E-02)
 bond charge predicted
       N       E                     dE             d eps       ncg     rms          rms(c)
DAV:   1    -0.399280131216E+02   -0.67173E-03   -0.16090E-02 13400   0.647E-01    0.471E-02
DAV:   2    -0.399280378080E+02   -0.24686E-04   -0.37209E-04 16040   0.105E-01    0.386E-02
DAV:   3    -0.399280159531E+02    0.21855E-04   -0.10546E-05  8072   0.175E-02    0.275E-02
DAV:   4    -0.399280011505E+02    0.14803E-04   -0.34028E-05  6760   0.272E-02    0.790E-03
DAV:   5    -0.399279993751E+02    0.17754E-05   -0.13426E-05  6456   0.204E-02    0.482E-03
DAV:   6    -0.399279995972E+02   -0.22205E-06   -0.25965E-06  6376   0.856E-03
  25 F= -.39928000E+02 E0= -.39926247E+02  d E =-.109700E-02
 curvature: -29.22 expect dE=-0.567E-02 dE for cont linesearch -0.618E-03
 ZBRENT: increasing intervall
 opt :  11.8255  next Energy=   -39.929223 (dE=-0.232E-02)
 bond charge predicted
       N       E                     dE             d eps       ncg     rms          rms(c)
DAV:   1    -0.399292327287E+02   -0.12334E-02   -0.64332E-02 13304   0.129E+00    0.939E-02
DAV:   2    -0.399293334966E+02   -0.10077E-03   -0.14954E-03 16192   0.211E-01    0.765E-02
DAV:   3    -0.399292484911E+02    0.85006E-04   -0.38374E-05  9640   0.336E-02    0.547E-02
DAV:   4    -0.399291878388E+02    0.60652E-04   -0.13544E-04  8304   0.543E-02    0.148E-02
DAV:   5    -0.399291818093E+02    0.60295E-05   -0.50714E-05  6912   0.395E-02    0.943E-03
DAV:   6    -0.399291825618E+02   -0.75250E-06   -0.96175E-06  6544   0.166E-02
  26 F= -.39929183E+02 E0= -.39927514E+02  d E =-.227997E-02
 curvature: -57.85 expect dE=-0.119E-01 dE for cont linesearch -0.818E-03
 ZBRENT: increasing intervall
 opt :  24.7260  next Energy=   -39.930803 (dE=-0.390E-02)
 bond charge predicted
       N       E                     dE             d eps       ncg     rms          rms(c)
DAV:   1    -0.399310666875E+02   -0.18849E-02   -0.25778E-01 13256   0.259E+00    0.189E-01
DAV:   2    -0.399314664334E+02   -0.39975E-03   -0.60647E-03 16224   0.424E-01    0.154E-01
DAV:   3    -0.399311128674E+02    0.35357E-03   -0.17246E-04 11304   0.694E-02    0.110E-01
DAV:   4    -0.399308685497E+02    0.24432E-03   -0.58183E-04 15280   0.108E-01    0.337E-02
DAV:   5    -0.399308373499E+02    0.31200E-04   -0.21119E-04 10216   0.728E-02    0.201E-02
DAV:   6    -0.399308395406E+02   -0.21907E-05   -0.32732E-05  6960   0.316E-02
  27 F= -.39930840E+02 E0= -.39929082E+02  d E =-.393695E-02
 curvature: ****** expect dE=-0.325E-01 dE for cont linesearch -0.422E-03
 ZBRENT: increasing intervall
 opt :  50.5270  next Energy=   -39.930924 (dE=-0.402E-02)
 bond charge predicted
       N       E                     dE             d eps       ncg     rms          rms(c)
DAV:   1    -0.399326078617E+02   -0.17705E-02   -0.10255E+00 13224   0.517E+00    0.385E-01
DAV:   2    -0.399342740384E+02   -0.16662E-02   -0.25068E-02 16272   0.861E-01    0.311E-01
DAV:   3    -0.399328698622E+02    0.14042E-02   -0.66407E-04 14976   0.133E-01    0.227E-01
DAV:   4    -0.399317547624E+02    0.11151E-02   -0.23030E-03 15592   0.217E-01    0.644E-02
DAV:   5    -0.399316489407E+02    0.10582E-03   -0.70109E-04 14272   0.131E-01    0.385E-02
DAV:   6    -0.399316569256E+02   -0.79849E-05   -0.61405E-05  7432   0.390E-02
  28 F= -.39931657E+02 E0= -.39929934E+02  d E =-.475433E-02
 curvature: -22.94 expect dE=-0.133E-01 dE for cont linesearch -0.250E-04
 ZBRENT: bracketing found
 ZBRENT: interpolating
 opt :  41.4337  next Energy=   -39.931861 (dE=-0.496E-02)
 bond charge predicted
       N       E                     dE             d eps       ncg     rms          rms(c)
DAV:   1    -0.399319383339E+02   -0.28939E-03   -0.12728E-01 13216   0.183E+00    0.134E-01
DAV:   2    -0.399321332412E+02   -0.19491E-03   -0.32405E-03 16248   0.309E-01    0.110E-01
DAV:   3    -0.399319200474E+02    0.21319E-03   -0.88118E-05 10336   0.502E-02    0.790E-02
DAV:   4    -0.399317523568E+02    0.16769E-03   -0.37050E-04 14304   0.848E-02    0.225E-02
DAV:   5    -0.399317379474E+02    0.14409E-04   -0.13055E-04  8728   0.576E-02    0.146E-02
DAV:   6    -0.399317358638E+02    0.20835E-05   -0.23641E-05  6568   0.273E-02
  29 F= -.39931736E+02 E0= -.39930003E+02  d E =-.483327E-02
 curvature: ****** expect dE=-0.768E-01 dE for cont linesearch -0.343E-04
 trial: gam= 1.48736 g(F)=  0.210E-03 g(S)=  0.200E-03 ort = 0.184E-04 (trialstep = 0.354E+01)
 search vector abs. value=  0.455E-02
 bond charge predicted
       N       E                     dE             d eps       ncg     rms          rms(c)
DAV:   1    -0.399331704716E+02   -0.14325E-02   -0.46138E-02 12392   0.110E+00    0.668E-02
DAV:   2    -0.399332360462E+02   -0.65575E-04   -0.81105E-04 16512   0.159E-01    0.544E-02
DAV:   3    -0.399332110409E+02    0.25005E-04   -0.11119E-05  8416   0.188E-02    0.408E-02
DAV:   4    -0.399331882828E+02    0.22758E-04   -0.52505E-05  6808   0.345E-02    0.743E-03
DAV:   5    -0.399331876015E+02    0.68127E-06   -0.11425E-05  6408   0.194E-02    0.577E-03
DAV:   6    -0.399331881254E+02   -0.52394E-06   -0.19298E-06  6288   0.726E-03
  30 F= -.39933188E+02 E0= -.39931472E+02  d E =-.145226E-02
 ZBRENT: can't locate minimum, use default step
 trial-energy change:   -0.001452  1 .order   -0.001447   -0.001549   -0.001345
 step:  14.1501(harm= 26.9560)  dis= 0.02383  next Energy=   -39.937636 (dE=-0.590E-02)
 bond charge predicted
       N       E                     dE             d eps       ncg     rms          rms(c)
DAV:   1    -0.399360680739E+02   -0.28805E-02   -0.41546E-01 12416   0.332E+00    0.219E-01
DAV:   2    -0.399366930251E+02   -0.62495E-03   -0.74790E-03 16536   0.483E-01    0.173E-01
DAV:   3    -0.399364886932E+02    0.20433E-03   -0.93317E-05 10872   0.545E-02    0.130E-01
DAV:   4    -0.399362959988E+02    0.19269E-03   -0.47446E-04 14968   0.101E-01    0.234E-02
DAV:   5    -0.399362877581E+02    0.82407E-05   -0.53747E-05  7216   0.396E-02    0.200E-02
DAV:   6    -0.399362874871E+02    0.27098E-06   -0.13387E-05  6784   0.187E-02
  31 F= -.39936287E+02 E0= -.39934734E+02  d E =-.455162E-02
 curvature: -98.22 expect dE=-0.555E-01 dE for cont linesearch -0.708E-03
 ZBRENT: increasing intervall
 opt :  35.3752  next Energy=   -39.935905 (dE=-0.417E-02)
 bond charge predicted
       N       E                     dE             d eps       ncg     rms          rms(c)
DAV:   1    -0.399316267962E+02    0.46610E-02   -0.16665E+00 12432   0.665E+00    0.466E-01
DAV:   2    -0.399342927826E+02   -0.26660E-02   -0.32224E-02 16552   0.100E+00    0.348E-01
DAV:   3    -0.399334437253E+02    0.84906E-03   -0.44708E-04 14488   0.116E-01    0.266E-01
DAV:   4    -0.399326035540E+02    0.84017E-03   -0.21312E-03 15656   0.217E-01    0.539E-02
DAV:   5    -0.399325445133E+02    0.59041E-04   -0.41643E-04 13736   0.105E-01    0.420E-02
DAV:   6    -0.399325445860E+02   -0.72725E-07   -0.37743E-05  7216   0.289E-02
  32 F= -.39932545E+02 E0= -.39931117E+02  d E =-.808722E-03
 curvature:  53.02 expect dE= 0.186E+00 dE for cont linesearch  0.423E-02
 ZBRENT: bracketing found
 ZBRENT: interpolating
 opt :  19.0558  next Energy=   -39.936732 (dE=-0.500E-02)
 bond charge predicted
       N       E                     dE             d eps       ncg     rms          rms(c)
DAV:   1    -0.399365034847E+02   -0.39590E-02   -0.98873E-01 12384   0.514E+00    0.327E-01
DAV:   2    -0.399380604717E+02   -0.15570E-02   -0.19406E-02 16560   0.770E-01    0.277E-01
DAV:   3    -0.399375445684E+02    0.51590E-03   -0.24832E-04 12088   0.880E-02    0.222E-01
DAV:   4    -0.399368945043E+02    0.65006E-03   -0.16423E-03 15648   0.189E-01    0.432E-02
DAV:   5    -0.399368554907E+02    0.39014E-04   -0.27658E-04 11048   0.870E-02    0.349E-02
DAV:   6    -0.399368487960E+02    0.66947E-05   -0.43201E-05  6944   0.302E-02
  33 F= -.39936849E+02 E0= -.39935444E+02  d E =-.511293E-02
 curvature:  -5.57 expect dE=-0.495E-02 dE for cont linesearch -0.289E-05
 trial: gam= 1.75215 g(F)=  0.510E-03 g(S)=  0.378E-03 ort = 0.486E-04 (trialstep = 0.201E+01)
 search vector abs. value=  0.150E-01
 bond charge predicted
       N       E                     dE             d eps       ncg     rms          rms(c)
DAV:   1    -0.399387395441E+02   -0.18841E-02   -0.48185E-02 12400   0.114E+00    0.528E-02
DAV:   2    -0.399388012012E+02   -0.61657E-04   -0.73485E-04 16496   0.155E-01    0.442E-02
DAV:   3    -0.399387828418E+02    0.18359E-04   -0.11224E-05  8112   0.187E-02    0.333E-02
DAV:   4    -0.399387684713E+02    0.14371E-04   -0.43345E-05  6592   0.315E-02    0.868E-03
DAV:   5    -0.399387673549E+02    0.11164E-05   -0.11100E-05  6328   0.186E-02    0.590E-03
DAV:   6    -0.399387674132E+02   -0.58344E-07   -0.16378E-06  6240   0.676E-03
  34 F= -.39938767E+02 E0= -.39937421E+02  d E =-.191862E-02
 ZBRENT: can't locate minimum, use default step
 trial-energy change:   -0.001919  1 .order   -0.001921   -0.001958   -0.001884
 step:   8.0433(harm= 53.0303)  dis= 0.02553  next Energy=   -39.962669 (dE=-0.258E-01)
 bond charge predicted
       N       E                     dE             d eps       ncg     rms          rms(c)
DAV:   1    -0.399436547114E+02   -0.48874E-02   -0.43200E-01 12400   0.340E+00    0.163E-01
DAV:   2    -0.399442568714E+02   -0.60216E-03   -0.67007E-03 16512   0.467E-01    0.134E-01
DAV:   3    -0.399441561473E+02    0.10072E-03   -0.78601E-05 10808   0.502E-02    0.104E-01
DAV:   4    -0.399440739651E+02    0.82182E-04   -0.34137E-04 14240   0.868E-02    0.224E-02
DAV:   5    -0.399440641386E+02    0.98265E-05   -0.49205E-05  7072   0.376E-02    0.179E-02
DAV:   6    -0.399440638395E+02    0.29912E-06   -0.13586E-05  6624   0.183E-02
  35 F= -.39944064E+02 E0= -.39942705E+02  d E =-.721504E-02
 curvature: -91.06 expect dE=-0.113E+00 dE for cont linesearch -0.398E-02
 ZBRENT: increasing intervall
 opt :  20.1084  next Energy=   -39.952319 (dE=-0.155E-01)
 bond charge predicted
       N       E                     dE             d eps       ncg     rms          rms(c)
DAV:   1    -0.399517328096E+02   -0.76687E-02   -0.17159E+00 12400   0.677E+00    0.341E-01
DAV:   2    -0.399542546430E+02   -0.25218E-02   -0.28341E-02 16520   0.956E-01    0.271E-01
DAV:   3    -0.399538191314E+02    0.43551E-03   -0.34736E-04 13000   0.103E-01    0.216E-01
DAV:   4    -0.399534012168E+02    0.41791E-03   -0.17975E-03 15576   0.199E-01    0.502E-02
DAV:   5    -0.399533577207E+02    0.43496E-04   -0.25322E-04 10904   0.835E-02    0.428E-02
DAV:   6    -0.399533493831E+02    0.83376E-05   -0.67826E-05  7312   0.390E-02
  36 F= -.39953349E+02 E0= -.39951651E+02  d E =-.165006E-01
 curvature: ****** expect dE=-0.555E+00 dE for cont linesearch -0.714E-02
 ZBRENT: increasing intervall
 opt :  44.2384  next Energy=   -39.970174 (dE=-0.333E-01)
 bond charge predicted
       N       E                     dE             d eps       ncg     rms          rms(c)
DAV:   1    -0.399591064448E+02   -0.57487E-02   -0.67837E+00 12400   0.134E+01    0.783E-01
DAV:   2    -0.399706247705E+02   -0.11518E-01   -0.13421E-01 16488   0.205E+00    0.565E-01
DAV:   3    -0.399682968738E+02    0.23279E-02   -0.17216E-03 14728   0.227E-01    0.464E-01
DAV:   4    -0.399656625990E+02    0.26343E-02   -0.11199E-02 15400   0.491E-01    0.127E-01
DAV:   5    -0.399654891902E+02    0.17341E-03   -0.15814E-03 14632   0.205E-01    0.111E-01
DAV:   6    -0.399654265556E+02    0.62635E-04   -0.39051E-04 14120   0.913E-02
  37 F= -.39965427E+02 E0= -.39963142E+02  d E =-.285778E-01
 curvature: ****** expect dE=-0.714E+01 dE for cont linesearch -0.410E-02
 ZBRENT: increasing intervall
 opt :  92.4985  next Energy=   -39.964968 (dE=-0.281E-01)
 bond charge predicted
       N       E                     dE             d eps       ncg     rms          rms(c)
DAV:   1    -0.398732165881E+02    0.92273E-01   -0.26684E+01 12384   0.264E+01    0.206E+00
DAV:   2    -0.399391125289E+02   -0.65896E-01   -0.78043E-01 16344   0.479E+00    0.121E+00
DAV:   3    -0.399256508063E+02    0.13462E-01   -0.87980E-03 14808   0.535E-01    0.101E+00
DAV:   4    -0.399069879246E+02    0.18663E-01   -0.72627E-02 15368   0.124E+00    0.302E-01
DAV:   5    -0.399066907085E+02    0.29722E-03   -0.94182E-03 14656   0.492E-01    0.298E-01
DAV:   6    -0.399060574759E+02    0.63323E-03   -0.30098E-03 15056   0.261E-01    0.160E-01
DAV:   7    -0.399061609295E+02   -0.10345E-03   -0.62367E-04 14408   0.123E-01    0.913E-02
DAV:   8    -0.399061601844E+02    0.74510E-06   -0.11596E-05  7416   0.187E-02
  38 F= -.39906160E+02 E0= -.39904445E+02  d E =0.306886E-01
 curvature:  49.74 expect dE= 0.478E+01 dE for cont linesearch  0.424E-01
 ZBRENT: bracketing found
 ZBRENT: interpolating
 opt :  48.7839  next Energy=   -39.966272 (dE=-0.294E-01)
 bond charge predicted
       N       E                     dE             d eps       ncg     rms          rms(c)
DAV:   1    -0.399429194985E+02   -0.36759E-01   -0.22098E+01 12384   0.245E+01    0.181E+00
DAV:   2    -0.399957688606E+02   -0.52849E-01   -0.65896E-01 16376   0.437E+00    0.111E+00
DAV:   3    -0.399834857850E+02    0.12283E-01   -0.72984E-03 14864   0.483E-01    0.945E-01
DAV:   4    -0.399637909238E+02    0.19695E-01   -0.67527E-02 15176   0.120E+00    0.300E-01
DAV:   5    -0.399639717906E+02   -0.18087E-03   -0.91622E-03 14864   0.471E-01    0.278E-01
DAV:   6    -0.399633212361E+02    0.65055E-03   -0.28478E-03 14904   0.253E-01    0.152E-01
DAV:   7    -0.399633729868E+02   -0.51751E-04   -0.60891E-04 14336   0.123E-01
  39 F= -.39963373E+02 E0= -.39961240E+02  d E =-.265242E-01
 curvature:  -0.99 expect dE=-0.211E-01 dE for cont linesearch -0.238E-05
 trial: gam=21.19048 g(F)=  0.119E-01 g(S)=  0.940E-02 ort = 0.190E-03 (trialstep = 0.252E-01)
 search vector abs. value=  0.678E+01
 bond charge predicted
       N       E                     dE             d eps       ncg     rms          rms(c)
DAV:   1    -0.399639807925E+02   -0.65956E-03   -0.34217E-03 12576   0.303E-01    0.724E-02
DAV:   2    -0.399639768994E+02    0.38931E-05   -0.72179E-05 10400   0.491E-02    0.681E-02
DAV:   3    -0.399639483165E+02    0.28583E-04   -0.54743E-05  6648   0.365E-02    0.259E-02
DAV:   4    -0.399639499465E+02   -0.16300E-05   -0.16706E-05  6512   0.189E-02    0.114E-02
DAV:   5    -0.399639486874E+02    0.12591E-05   -0.36948E-06  6472   0.109E-02    0.920E-03
DAV:   6    -0.399639489350E+02   -0.24758E-06   -0.10129E-06  6384   0.483E-03
  40 F= -.39963949E+02 E0= -.39961834E+02  d E =-.575948E-03
 ZBRENT: can't locate minimum, use default step
 trial-energy change:   -0.000576  1 .order   -0.000624   -0.000638   -0.000610
 step:   0.1008(harm=  0.5801)  dis= 0.00693  next Energy=   -39.970712 (dE=-0.734E-02)
