 running on   24 total cores
 distrk:  each k-point on   24 cores,    1 groups
 distr:  one band on    6 cores,    4 groups
 using from now: INCAR     
 vasp.5.4.1 24Jun15 (build Nov 23 2015 09:58:10) complex                        
  
 POSCAR found type information on POSCAR  Ta Ga Se
 POSCAR found :  3 types and      13 ions
 scaLAPACK will be used
 LDA part: xc-table for Pade appr. of Perdew
 WARNING: stress and forces are not correct
 POSCAR, INCAR and KPOINTS ok, starting setup
 FFT: planning ...
 WAVECAR not read
 charge-density read from file: unknown                                 
 magnetization density read from file 1
 WARNING: random wavefunctions but no delay for mixing, default for NELMDL
 entering main loop
       N       E                     dE             d eps       ncg     rms          rms(c)
DAV:   1     0.105760947949E+04    0.10576E+04   -0.49176E+04 75712   0.157E+03
DAV:   2     0.511071794388E+02   -0.10065E+04   -0.95213E+03 76528   0.466E+02
DAV:   3    -0.719129810540E+02   -0.12302E+03   -0.11763E+03 81640   0.133E+02
DAV:   4    -0.784226825396E+02   -0.65097E+01   -0.63997E+01 84456   0.305E+01
DAV:   5    -0.785906004968E+02   -0.16792E+00   -0.16687E+00 85792   0.464E+00
DAV:   6    -0.785992551622E+02   -0.86547E-02   -0.86522E-02105368   0.977E-01
DAV:   7    -0.785993292035E+02   -0.74041E-04   -0.74031E-04 78272   0.784E-02
   1 F= -.78599329E+02 E0= -.78597237E+02  d E =-.418350E-02  mag=     0.0045
