 running on   72 total cores
 distrk:  each k-point on   72 cores,    1 groups
 distr:  one band on   12 cores,    6 groups
 using from now: INCAR     
 vasp.5.4.1 24Jun15 (build Nov 23 2015 09:58:10) complex                        
  
 POSCAR found type information on POSCAR  Ta Ga Se
 POSCAR found :  3 types and      13 ions
 scaLAPACK will be used
 LDA part: xc-table for Pade appr. of Perdew
 WARNING: stress and forces are not correct
 POSCAR, INCAR and KPOINTS ok, starting setup
 FFT: planning ...
 WAVECAR not read
 charge-density read from file: unknown                                 
 magnetization density read from file 1
 WARNING: random wavefunctions but no delay for mixing, default for NELMDL
 entering main loop
       N       E                     dE             d eps       ncg     rms          rms(c)
DAV:   1     0.978577629250E+03    0.97858E+03   -0.50397E+04 11184   0.157E+03
DAV:   2     0.245190502444E+02   -0.95406E+03   -0.90914E+03 10980   0.450E+02
DAV:   3    -0.747702494293E+02   -0.99289E+02   -0.96162E+02 12192   0.119E+02
DAV:   4    -0.787813523318E+02   -0.40111E+01   -0.39696E+01 12408   0.245E+01
DAV:   5    -0.788635683638E+02   -0.82216E-01   -0.82050E-01 12432   0.344E+00
DAV:   6    -0.788685050725E+02   -0.49367E-02   -0.49362E-02 16308   0.750E-01
DAV:   7    -0.788685243929E+02   -0.19320E-04   -0.19319E-04 10644   0.446E-02
   1 F= -.78868524E+02 E0= -.78864347E+02  d E =-.835467E-02  mag=     0.0045
